
/home/runner/work/exp-chunking-cl-iiith/exp-chunking-cl-iiith/experiment/simulation/js/bootstrap.js
    17:3  warning  'jQuery' is not defined                                     no-undef
    77:3  warning  'jQuery' is not defined                                     no-undef
   172:3  warning  'jQuery' is not defined                                     no-undef
   293:3  warning  'jQuery' is not defined                                     no-undef
   531:3  warning  'jQuery' is not defined                                     no-undef
   661:7  warning  Unexpected newline between object and [ of property access  no-unexpected-multiline
   743:3  warning  'jQuery' is not defined                                     no-undef
   909:3  warning  'jQuery' is not defined                                     no-undef
  1247:3  warning  'jQuery' is not defined                                     no-undef
  1762:3  warning  'jQuery' is not defined                                     no-undef
  1871:3  warning  'jQuery' is not defined                                     no-undef
  2044:3  warning  'jQuery' is not defined                                     no-undef
  2200:3  warning  'jQuery' is not defined                                     no-undef
  2363:3  warning  'jQuery' is not defined                                     no-undef

/home/runner/work/exp-chunking-cl-iiith/exp-chunking-cl-iiith/experiment/simulation/js/bootstrap.min.js
  6:285    warning  'jQuery' is not defined                 no-undef
  6:1041   warning  'jQuery' is not defined                 no-undef
  6:1975   warning  'jQuery' is not defined                 no-undef
  6:3839   warning  'jQuery' is not defined                 no-undef
  6:7882   warning  'jQuery' is not defined                 no-undef
  6:11250  warning  'jQuery' is not defined                 no-undef
  6:13595  warning  'jQuery' is not defined                 no-undef
  6:19576  warning  'jQuery' is not defined                 no-undef
  6:27121  warning  'a' is assigned a value but never used  no-unused-vars
  6:28444  warning  'jQuery' is not defined                 no-undef
  6:30033  warning  'jQuery' is not defined                 no-undef
  7:416    warning  'jQuery' is not defined                 no-undef
  7:2236   warning  'jQuery' is not defined                 no-undef
  7:4649   warning  'jQuery' is not defined                 no-undef

/home/runner/work/exp-chunking-cl-iiith/exp-chunking-cl-iiith/experiment/simulation/js/jquery-1.7.1.min.js
  2:820    warning  Empty block statement                                            no-empty
  2:877    warning  Empty block statement                                            no-empty
  2:4720   warning  'b' is defined but never used                                    no-unused-vars
  2:5126   warning  'd' is defined but never used                                    no-unused-vars
  2:5302   warning  'd' is defined but never used                                    no-unused-vars
  2:6027   warning  Empty block statement                                            no-empty
  2:6428   warning  Unnecessary escape character: \-                                 no-useless-escape
  2:6523   warning  Unnecessary escape character: \/                                 no-useless-escape
  2:6608   warning  Unnecessary escape character: \-                                 no-useless-escape
  2:6658   warning  Unnecessary escape character: \/                                 no-useless-escape
  2:6697   warning  Unnecessary escape character: \/                                 no-useless-escape
  2:10196  warning  Empty block statement                                            no-empty
  2:11255  warning  'ActiveXObject' is not defined                                   no-undef
  2:14574  warning  'i' is defined but never used                                    no-unused-vars
  2:16984  warning  'h' is assigned a value but never used                           no-unused-vars
  2:17279  warning  'm' is defined but never used                                    no-unused-vars
  2:17312  warning  'r' is assigned a value but never used                           no-unused-vars
  2:19399  warning  'g' is defined but never used                                    no-unused-vars
  2:21309  warning  Redundant double negation                                        no-extra-boolean-cast
  2:21836  warning  Redundant double negation                                        no-extra-boolean-cast
  2:24565  warning  'c' is assigned a value but never used                           no-unused-vars
  2:24675  warning  Expected a conditional expression and instead saw an assignment  no-cond-assign
  2:25416  warning  Empty block statement                                            no-empty
  2:26513  warning  Expected a conditional expression and instead saw an assignment  no-cond-assign
  2:26963  warning  Redundant double negation                                        no-extra-boolean-cast
  2:31862  warning  Unnecessary escape character: \.                                 no-useless-escape
  2:31999  warning  Unnecessary escape character: \-                                 no-useless-escape
  2:32015  warning  Unnecessary escape character: \-                                 no-useless-escape
  3:56     warning  'q' is defined but never used                                    no-unused-vars
  3:3638   warning  't' is defined but never used                                    no-unused-vars
  3:7367   warning  'g' is assigned a value but never used                           no-unused-vars
  3:11980  warning  Unnecessary escape character: \[                                 no-useless-escape
  3:12006  warning  Unnecessary escape character: \[                                 no-useless-escape
  3:12031  warning  Unnecessary escape character: \[                                 no-useless-escape
  3:13787  warning  Expected a conditional expression and instead saw an assignment  no-cond-assign
  3:15016  warning  Expected a conditional expression and instead saw an assignment  no-cond-assign
  3:15136  warning  Unnecessary escape character: \-                                 no-useless-escape
  3:15177  warning  Unnecessary escape character: \-                                 no-useless-escape
  3:15227  warning  Unnecessary escape character: \-                                 no-useless-escape
  3:15277  warning  Unnecessary escape character: \-                                 no-useless-escape
  3:15341  warning  Unnecessary escape character: \-                                 no-useless-escape
  3:15388  warning  Unnecessary escape character: \*                                 no-useless-escape
  3:15390  warning  Unnecessary escape character: \-                                 no-useless-escape
  3:15460  warning  Unnecessary escape character: \-                                 no-useless-escape
  3:15473  warning  Unnecessary escape character: \-                                 no-useless-escape
  3:15491  warning  Unnecessary escape character: \-                                 no-useless-escape
  3:15572  warning  Unnecessary escape character: \-                                 no-useless-escape
  3:15609  warning  Unnecessary escape character: \-                                 no-useless-escape
  3:15639  warning  Unnecessary escape character: \)                                 no-useless-escape
  3:15648  warning  Unnecessary escape character: \(                                 no-useless-escape
  3:15650  warning  Unnecessary escape character: \)                                 no-useless-escape
  3:15970  warning  Expected a conditional expression and instead saw an assignment  no-cond-assign
  3:17350  warning  'b' is defined but never used                                    no-unused-vars
  3:17505  warning  Unnecessary escape character: \-                                 no-useless-escape
  3:20157  warning  'h' is defined but never used                                    no-unused-vars
  3:20213  warning  Expected a conditional expression and instead saw an assignment  no-cond-assign
  3:20288  warning  Expected a 'break' statement before 'case'                       no-fallthrough
  3:20305  warning  Expected a conditional expression and instead saw an assignment  no-cond-assign
  3:21442  warning  Unnecessary escape character: \[                                 no-useless-escape
  3:21454  warning  Unnecessary escape character: \(                                 no-useless-escape
  3:23990  warning  Unnecessary escape character: \-                                 no-useless-escape
  3:24003  warning  Unnecessary escape character: \-                                 no-useless-escape
  3:24412  warning  Empty block statement                                            no-empty
  3:24694  warning  Empty block statement                                            no-empty
  3:25075  warning  Unnecessary escape character: \=                                 no-useless-escape
  3:25256  warning  Empty block statement                                            no-empty
  3:26114  warning  Expected a conditional expression and instead saw an assignment  no-cond-assign
  3:26509  warning  Unnecessary escape character: \[                                 no-useless-escape
  3:26511  warning  Unnecessary escape character: \.                                 no-useless-escape
  3:29597  warning  'd' is defined but never used                                    no-unused-vars
  3:30269  warning  Unnecessary escape character: \-                                 no-useless-escape
  3:30271  warning  Unnecessary escape character: \-                                 no-useless-escape
  4:5068   warning  Unnecessary escape character: \-                                 no-useless-escape
  4:5076   warning  Unnecessary escape character: \-                                 no-useless-escape
  4:6100   warning  Empty block statement                                            no-empty
  4:8493   warning  Unnecessary escape character: \-                                 no-useless-escape
  4:8505   warning  Unnecessary escape character: \-                                 no-useless-escape
  4:8697   warning  Unnecessary escape character: \+                                 no-useless-escape
  4:8699   warning  Unnecessary escape character: \.                                 no-useless-escape
  4:8701   warning  Unnecessary escape character: \-                                 no-useless-escape
  4:8717   warning  Unnecessary escape character: \/                                 no-useless-escape
  4:9799   warning  'c' is defined but never used                                    no-unused-vars
  4:11116  warning  Expected a conditional expression and instead saw an assignment  no-cond-assign
  4:11178  warning  Expected a conditional expression and instead saw an assignment  no-cond-assign
  4:12065  warning  Expected a conditional expression and instead saw an assignment  no-cond-assign
  4:14424  warning  Unnecessary escape character: \=                                 no-useless-escape
  4:16789  warning  Empty block statement                                            no-empty
  4:17420  warning  Unnecessary escape character: \-                                 no-useless-escape
  4:17432  warning  Unnecessary escape character: \-                                 no-useless-escape
  4:24520  warning  Empty block statement                                            no-empty
  4:25630  warning  'e' is assigned a value but never used                           no-unused-vars
  4:28559  warning  'define' is not defined                                          no-undef
  4:28571  warning  'define' is not defined                                          no-undef
  4:28590  warning  'define' is not defined                                          no-undef

/home/runner/work/exp-chunking-cl-iiith/exp-chunking-cl-iiith/experiment/simulation/js/jquery.js
  2:71     warning  'module' is not defined                                                    no-undef
  2:86     warning  'module' is not defined                                                    no-undef
  2:5615   warning  Unexpected control character(s) in regular expression: \x1f, \x1f          no-control-regex
  2:6098   warning  Expected a conditional expression and instead saw an assignment            no-cond-assign
  2:6322   warning  Expected a conditional expression and instead saw an assignment            no-cond-assign
  2:6830   warning  Expected a conditional expression and instead saw an assignment            no-cond-assign
  2:7600   warning  Expected a conditional expression and instead saw an assignment            no-cond-assign
  2:9866   warning  Expected a conditional expression and instead saw an assignment            no-cond-assign
  2:10176  warning  Expected a conditional expression and instead saw an assignment            no-cond-assign
  2:12190  warning  Expected a conditional expression and instead saw an assignment            no-cond-assign
  2:12758  warning  Expected a conditional expression and instead saw an assignment            no-cond-assign
  2:12796  warning  Expected a conditional expression and instead saw an assignment            no-cond-assign
  2:13779  warning  Expected a conditional expression and instead saw an assignment            no-cond-assign
  2:14091  warning  Expected a conditional expression and instead saw an assignment            no-cond-assign
  2:15919  warning  Expected a conditional expression and instead saw an assignment            no-cond-assign
  2:16190  warning  Expected a conditional expression and instead saw an assignment            no-cond-assign
  2:16388  warning  Expected a conditional expression and instead saw an assignment            no-cond-assign
  2:16762  warning  Do not access Object.prototype method 'hasOwnProperty' from target object  no-prototype-builtins
  2:17452  warning  Expected a conditional expression and instead saw an assignment            no-cond-assign
  2:19272  warning  Expected a conditional expression and instead saw an assignment            no-cond-assign
  2:19372  warning  Expected a conditional expression and instead saw an assignment            no-cond-assign
  2:19432  warning  Expected a conditional expression and instead saw an assignment            no-cond-assign
  2:19616  warning  Expected a conditional expression and instead saw an assignment            no-cond-assign
  2:20785  warning  Expected a conditional expression and instead saw an assignment            no-cond-assign
  2:22057  warning  Expected a conditional expression and instead saw an assignment            no-cond-assign
  2:22168  warning  Expected a conditional expression and instead saw an assignment            no-cond-assign
  2:24334  warning  Unnecessary escape character: \/                                           no-useless-escape
  2:33946  warning  Empty block statement                                                      no-empty
  2:37691  warning  Unnecessary escape character: \/                                           no-useless-escape
  2:39340  warning  Expected a conditional expression and instead saw an assignment            no-cond-assign
  2:39456  warning  Expected a conditional expression and instead saw an assignment            no-cond-assign
  2:39716  warning  Empty block statement                                                      no-empty
  2:49400  warning  Expected a conditional expression and instead saw an assignment            no-cond-assign
  2:50960  warning  Empty block statement                                                      no-empty
  2:59283  warning  Expected a conditional expression and instead saw an assignment            no-cond-assign
  2:60452  warning  Expected a conditional expression and instead saw an assignment            no-cond-assign
  2:66084  warning  Expected a conditional expression and instead saw an assignment            no-cond-assign
  2:67827  warning  Expected a conditional expression and instead saw an assignment            no-cond-assign
  2:67893  warning  Expected a conditional expression and instead saw an assignment            no-cond-assign
  2:68197  warning  Expected a conditional expression and instead saw an assignment            no-cond-assign
  2:68263  warning  Expected a conditional expression and instead saw an assignment            no-cond-assign
  2:68670  warning  Expected a conditional expression and instead saw an assignment            no-cond-assign
  2:68947  warning  Expected a conditional expression and instead saw an assignment            no-cond-assign
  2:74372  warning  Expected a conditional expression and instead saw an assignment            no-cond-assign
  2:75966  warning  Expected a conditional expression and instead saw an assignment            no-cond-assign
  2:76746  warning  'r.href' is assigned to itself                                             no-self-assign
  2:81551  warning  Empty block statement                                                      no-empty
  2:84667  warning  Expected a conditional expression and instead saw an assignment            no-cond-assign
  2:89180  warning  'define' is not defined                                                    no-undef
  2:89192  warning  'define' is not defined                                                    no-undef

/home/runner/work/exp-chunking-cl-iiith/exp-chunking-cl-iiith/experiment/simulation/js/main.js
    2:16  warning  'handleLanguageSelection' is defined but never used  no-unused-vars
   30:16  warning  'handleExampleSelection' is defined but never used   no-unused-vars
   60:9   warning  'correctChunks' is assigned a value but never used   no-unused-vars
  153:16  warning  'validateChunks' is defined but never used           no-unused-vars
  182:16  warning  'showCorrectChunks' is defined but never used        no-unused-vars

/home/runner/work/exp-chunking-cl-iiith/exp-chunking-cl-iiith/experiment/simulation/js/modernizr-1.5.min.js
  12:496  warning  Expected a conditional expression and instead saw an assignment  no-cond-assign
  20:134  warning  Unexpected constant condition                                    no-constant-condition
  25:51   warning  Expected a conditional expression and instead saw an assignment  no-cond-assign

✖ 180 problems (0 errors, 180 warnings)
  0 errors and 3 warnings potentially fixable with the `--fix` option.

